// Jest Snapshot v1, https://goo.gl/fbAQLP

exports[`ArticleImage test renders correctly when has image params 1`] = `
<div>
  <img
    alt="The 32 most beautiful places to visit in Ireland"
    class="articleImage"
    src="https://cdn.cnn.com/cnnnext/dam/assets/160315093137-tollymore-forest-super-169.jpg"
  />
</div>
`;
